// Jest Snapshot v1, https://goo.gl/fbAQLP

exports[`Navbar Component should render correctly 1`] = `
<DocumentFragment>
  <div
    class="navbar"
  >
    <a
      href="/mock"
    >
      Mock Title
    </a>
    <div
      class="navbar__profile"
    >
      <button
        class="navbar__pointer"
      >
        Login
      </button>
    </div>
  </div>
</DocumentFragment>
`;
